[INFO] Scanning for projects...
[INFO] 
[INFO] ------------------< net.engineeringdigest:journalApp >------------------
[INFO] Building Journal App 0.0.1-SNAPSHOT
[INFO]   from pom.xml
[INFO] --------------------------------[ jar ]---------------------------------
[INFO] 
[INFO] --- resources:3.2.0:resources (default-resources) @ journalApp ---
[INFO] Using 'UTF-8' encoding to copy filtered resources.
[INFO] Using 'UTF-8' encoding to copy filtered properties files.
[INFO] Copying 4 resources
[INFO] Copying 0 resource
[INFO] 
[INFO] --- compiler:3.11.0:compile (default-compile) @ journalApp ---
[INFO] Changes detected - recompiling the module! :source
[INFO] Compiling 20 source files with javac [debug target 1.8] to target\classes
[INFO] /C:/Users/ishan/OneDrive/Documents/springboot/journalApp/journalApp/src/main/java/net/engineeringdigest/journalApp/config/SpringSecurity.java: Some input files use or override a deprecated API.
[INFO] /C:/Users/ishan/OneDrive/Documents/springboot/journalApp/journalApp/src/main/java/net/engineeringdigest/journalApp/config/SpringSecurity.java: Recompile with -Xlint:deprecation for details.
[INFO] -------------------------------------------------------------
[ERROR] COMPILATION ERROR : 
[INFO] -------------------------------------------------------------
[ERROR] /C:/Users/ishan/OneDrive/Documents/springboot/journalApp/journalApp/src/main/java/net/engineeringdigest/journalApp/service/WeatherService.java:[29,57] cannot find symbol
  symbol:   variable keys
  location: class net.engineeringdigest.journalApp.cache.AppCache
[ERROR] /C:/Users/ishan/OneDrive/Documents/springboot/journalApp/journalApp/src/main/java/net/engineeringdigest/journalApp/service/WeatherService.java:[29,35] appCache has private access in net.engineeringdigest.journalApp.cache.AppCache
[INFO] 2 errors 
[INFO] -------------------------------------------------------------
[INFO] ------------------------------------------------------------------------
[INFO] BUILD FAILURE
[INFO] ------------------------------------------------------------------------
[INFO] Total time:  14.790 s
[INFO] Finished at: 2026-04-03T11:52:21+05:30
[INFO] ------------------------------------------------------------------------
[ERROR] Failed to execute goal org.apache.maven.plugins:maven-compiler-plugin:3.11.0:compile (default-compile) on project journalApp: Compilation failure: Compilation failure: 
[ERROR] /C:/Users/ishan/OneDrive/Documents/springboot/journalApp/journalApp/src/main/java/net/engineeringdigest/journalApp/service/WeatherService.java:[29,57] cannot find symbol
[ERROR]   symbol:   variable keys
[ERROR]   location: class net.engineeringdigest.journalApp.cache.AppCache
[ERROR] /C:/Users/ishan/OneDrive/Documents/springboot/journalApp/journalApp/src/main/java/net/engineeringdigest/journalApp/service/WeatherService.java:[29,35] appCache has private access in net.engineeringdigest.journalApp.cache.AppCache
[ERROR] -> [Help 1]
[ERROR] 
[ERROR] To see the full stack trace of the errors, re-run Maven with the -e switch.
[ERROR] Re-run Maven using the -X switch to enable full debug logging.
[ERROR] 
[ERROR] For more information about the errors and possible solutions, please read the following articles:
[ERROR] [Help 1] http://cwiki.apache.org/confluence/display/MAVEN/MojoFailureException
